// Jest Snapshot v1, https://goo.gl/fbAQLP

exports[`TestUI Component it should match the snapshot 1`] = `
<DocumentFragment>
  <div>
    Hello, This is TestUI component. Updated with this text.
    <span>
      This is so cool!
    </span>
    <div
      style="height: 200px; width: 200px; padding: 20px; background: rgb(255, 255, 0);"
    >
      Hello World
    </div>
  </div>
</DocumentFragment>
`;
